[themezinho.net/uon/index.html]
[backblue.gif]
[fade.gif]
[index.html]
[themezinho.net/uon/preview.2.delayed]
[themezinho.net/uon/ico/apple-touch-icon-144-precomposed.png]
[themezinho.net/uon/ico/apple-touch-icon-114-precomposed.png]
[themezinho.net/uon/ico/apple-touch-icon-72-precomposed.png]
[themezinho.net/uon/ico/apple-touch-icon-57-precomposed.png]
[themezinho.net/uon/ico/favicon.png]
[themezinho.net/uon/css/animate.min.css]
[themezinho.net/uon/css/font-awesome.min.css]
[themezinho.net/uon/css/flipbox.min.css]
[themezinho.net/uon/css/timeline.css]
[themezinho.net/uon/css/odometer.min.css]
[themezinho.net/uon/css/fancybox.min.css]
[themezinho.net/uon/css/swiper.min.css]
[themezinho.net/uon/css/bootstrap.min.css]
[themezinho.net/uon/css/style.css]
[themezinho.net/uon/images/logo.png]
[themezinho.net/uon/index-2.html]
[themezinho.net/uon/about-us.html]
[themezinho.net/uon/mission-vision.html]
[themezinho.net/uon/team-members.html]
[themezinho.net/uon/prices.html]
[themezinho.net/uon/our-offices.html]
[themezinho.net/uon/press-releases.html]
[themezinho.net/uon/clients.html]
[themezinho.net/uon/career.html]
[themezinho.net/uon/faq.html]
[themezinho.net/uon/404-error.html]
[themezinho.net/uon/solutions01.html]
[themezinho.net/uon/solutions02.html]
[themezinho.net/uon/solutions03.html]
[themezinho.net/uon/solutions04.html]
[themezinho.net/uon/solutions05.html]
[themezinho.net/uon/solutions06.html]
[themezinho.net/uon/solutions07.html]
[themezinho.net/uon/solutions08.html]
[themezinho.net/uon/solutions09.html]
[themezinho.net/uon/showcases.html]
[themezinho.net/uon/news-sidebar-left.html]
[themezinho.net/uon/news-sidebar-right.html]
[themezinho.net/uon/news-sidebar-nosidebar.html]
[themezinho.net/uon/news-single-sidebar-left.html]
[themezinho.net/uon/news-single-sidebar-right.html]
[themezinho.net/uon/news-single-nosidebar.html]
[themezinho.net/uon/contact.html]
[themezinho.net/uon/images/image04.jpg]
[themezinho.net/uon/images/image05.jpg]
[themezinho.net/uon/images/image06.jpg]
[themezinho.net/uon/images/image07.jpg]
[themezinho.net/uon/images/icon-phone.png]
[themezinho.net/uon/images/icon-right-arrow.svg]
[themezinho.net/uon/images/logo01.png]
[themezinho.net/uon/images/logo02.png]
[themezinho.net/uon/images/logo03.png]
[themezinho.net/uon/images/logo04.png]
[themezinho.net/uon/images/logo05.png]
[themezinho.net/uon/images/logo06.png]
[themezinho.net/uon/images/logo07.png]
[themezinho.net/uon/images/logo08.png]
[themezinho.net/uon/images/image01.jpg]
[themezinho.net/uon/images/image02.jpg]
[themezinho.net/uon/images/image03.jpg]
[themezinho.net/uon/images/side-image01.jpg]
[themezinho.net/uon/videos/video.mp4]
[themezinho.net/uon/images/testimonial-name.png]
[themezinho.net/uon/images/icon01.png]
[themezinho.net/uon/images/icon02.png]
[themezinho.net/uon/images/icon03.png]
[themezinho.net/uon/images/icon04.png]
[themezinho.net/uon/images/icon05.png]
[themezinho.net/uon/images/image08.jpg]
[themezinho.net/uon/images/image09.jpg]
[themezinho.net/uon/images/image10.jpg]
[themezinho.net/uon/images/image12.jpg]
[themezinho.net/uon/images/image13.jpg]
[themezinho.net/uon/images/image11.jpg]
[themezinho.net/uon/images/avatar01.jpg]
[themezinho.net/uon/images/icon-quote.svg]
[themezinho.net/uon/images/avatar02.jpg]
[themezinho.net/uon/images/avatar03.jpg]
[themezinho.net/uon/images/team01.jpg]
[themezinho.net/uon/images/team01h.jpg]
[themezinho.net/uon/images/team02.jpg]
[themezinho.net/uon/images/team02h.jpg]
[themezinho.net/uon/images/team03.jpg]
[themezinho.net/uon/images/team03h.jpg]
[themezinho.net/uon/images/team04.jpg]
[themezinho.net/uon/images/team04h.jpg]
[themezinho.net/uon/images/team05.jpg]
[themezinho.net/uon/images/team05h.jpg]
[themezinho.net/uon/images/image-team.jpg]
[themezinho.net/uon/images/footer-icon01.png]
[themezinho.net/uon/images/footer-icon02.png]
[themezinho.net/uon/images/footer-icon03.png]
[themezinho.net/uon/js/jquery.min.js]
[themezinho.net/uon/js/popper.min.js]
[themezinho.net/uon/js/bootstrap.min.js]
[themezinho.net/uon/js/fancybox.min.js]
[themezinho.net/uon/js/odometer.min.js]
[themezinho.net/uon/js/timeline.js]
[themezinho.net/uon/js/swiper.min.js]
[themezinho.net/uon/js/isotope.min.js]
[themezinho.net/uon/js/wow.min.js]
[themezinho.net/uon/js/imagesloaded.pkgd.min.js]
[themezinho.net/uon/index.html]
[themezinho.net/uon/preview.html]
[themezinho.net/uon/css/animate.min.css]
[themezinho.net/uon/js/scripts.js]
[themezinho.net/uon/fonts/fontawesome-webfont3e6e.eot]
[themezinho.net/uon/fonts/fontawesome-webfontd41d.eot]
[themezinho.net/uon/fonts/fontawesome-webfont3e6e.woff2]
[themezinho.net/uon/fonts/fontawesome-webfont3e6e.woff]
[themezinho.net/uon/fonts/fontawesome-webfont3e6e.ttf]
[themezinho.net/uon/css/font-awesome.min.css]
[themezinho.net/uon/css/flipbox.min.css]
[themezinho.net/uon/css/timeline.css]
[themezinho.net/uon/css/odometer.min.css]
[themezinho.net/uon/css/fancybox.min.css]
[themezinho.net/uon/css/swiper.min.css]
[themezinho.net/uon/css/bootstrap.min.css]
[themezinho.net/uon/fonts/fontawesome-webfont3e6e.svg]
[themezinho.net/uon/images/world-map.png]
[themezinho.net/uon/css/style.css]
[themezinho.net/uon/index-2.html]
[themezinho.net/uon/images/icon-print.png]
[themezinho.net/uon/about-us.html]
[themezinho.net/uon/mission-vision.html]
[themezinho.net/uon/images/team06.jpg]
[themezinho.net/uon/images/team06h.jpg]
[themezinho.net/uon/images/team07.jpg]
[themezinho.net/uon/images/team07h.jpg]
[themezinho.net/uon/images/team08.jpg]
[themezinho.net/uon/images/team08h.jpg]
[themezinho.net/uon/team-members.html]
[themezinho.net/uon/prices.html]
[themezinho.net/uon/our-offices.html]
[themezinho.net/uon/press-releases.html]
[themezinho.net/uon/clients.html]
[themezinho.net/uon/career.html]
[themezinho.net/uon/faq.html]
[themezinho.net/uon/images/error-404.png]
[themezinho.net/uon/404-error.html]
[themezinho.net/uon/images/image21.jpg]
[themezinho.net/uon/images/image14.jpg]
[themezinho.net/uon/solutions01.html]
[themezinho.net/uon/images/image22.jpg]
[themezinho.net/uon/solutions02.html]
[themezinho.net/uon/images/image23.jpg]
[themezinho.net/uon/solutions03.html]
[themezinho.net/uon/images/image24.jpg]
[themezinho.net/uon/solutions04.html]
[themezinho.net/uon/images/image25.jpg]
[themezinho.net/uon/solutions05.html]
[themezinho.net/uon/images/image26.jpg]
[themezinho.net/uon/solutions06.html]
[themezinho.net/uon/images/image27.jpg]
[themezinho.net/uon/solutions07.html]
[themezinho.net/uon/solutions08.html]
[themezinho.net/uon/solutions09.html]
[themezinho.net/uon/images/image15.jpg]
[themezinho.net/uon/images/image16.jpg]
[themezinho.net/uon/images/image17.jpg]
[themezinho.net/uon/images/image18.jpg]
[themezinho.net/uon/images/image19.jpg]
[themezinho.net/uon/images/image20.jpg]
[themezinho.net/uon/showcases.html]
[themezinho.net/uon/images/news01.jpg]
[themezinho.net/uon/news-single.html]
[themezinho.net/uon/images/news02.jpg]
[themezinho.net/uon/images/news03.jpg]
[themezinho.net/uon/images/news04.jpg]
[themezinho.net/uon/images/news05.jpg]
[themezinho.net/uon/news-sidebar-left.html]
[themezinho.net/uon/news-sidebar-right.html]
[themezinho.net/uon/news-sidebar-nosidebar.html]
[themezinho.net/uon/news-single-sidebar-left.html]
[themezinho.net/uon/news-single-sidebar-right.html]
[themezinho.net/uon/news-single-nosidebar.html]
[themezinho.net/uon/js/jquery.form.min.js]
[themezinho.net/uon/js/jquery.validate.min.js]
[themezinho.net/uon/js/contact.form.min.js]
[themezinho.net/uon/js/google-maps.js]
[themezinho.net/uon/contact.html]
[themezinho.net/uon/images/icon-right-arrow.svg]
[themezinho.net/uon/images/icon-quote.svg]
[themezinho.net/uon/js/jquery.min.js]
[themezinho.net/uon/js/popper.min.js]
[themezinho.net/uon/popper.js]
[themezinho.net/uon/js/bootstrap.min.js]
[themezinho.net/uon/js/fancybox.min.js]
[themezinho.net/uon/js/odometer.min.js]
[themezinho.net/uon/js/timeline.js]
[themezinho.net/uon/js/swiper.min.js]
[themezinho.net/uon/js/isotope.min.js]
[themezinho.net/uon/js/wow.min.js]
[themezinho.net/uon/js/imagesloaded.pkgd.min.js]
[themezinho.net/uon/js/scripts.js]
[themezinho.net/uon/fonts/fontawesome-webfont3e6e.svg]
[themezinho.net/uon/news-single.html]
[themezinho.net/uon/js/jquery.form.min.js]
[themezinho.net/uon/js/jquery.validate.min.js]
[themezinho.net/uon/js/contact.form.min.js]
[themezinho.net/uon/js/google-maps.js]
[themezinho.net/uon/popper.html]
[themezinho.net/uon/version/index-2.html]
[themezinho.net/uon/Version/index.html]
[themezinho.net/uon/Version/index.html]
[themezinho.net/uon/version/index-2.html]
